[visualgo.net/en/dfsbfs.html]
[visualgo.net/img/png/dfsbfs.png]
[backblue.gif]
[fade.gif]
[index.html]
[visualgo.net/img/favicon.png]
[visualgo.net/css/bootstrap.min.css]
[visualgo.net/fonts/silkscreen/stylesheet.css]
[visualgo.net/css/common-1.0.2.css]
[visualgo.net/css/viz-1.0.4.css]
[visualgo.net/css/visual.css]
[visualgo.net/css/drawgraph-1.0.2.css]
[visualgo.net/img/prevFrame.png]
[visualgo.net/img/pause.png]
[visualgo.net/img/play.png]
[visualgo.net/img/nextFrame.png]
[visualgo.net/img/arrow_white_right.png]
[visualgo.net/img/goToBeginning.png]
[visualgo.net/img/goToEnd.png]
[visualgo.net/en/heap.html]
[visualgo.net/en/bst.html]
[visualgo.net/img/ripple.jpg]
[visualgo.net/en/listc97b.html]
[visualgo.net/en/sssp.html]
[visualgo.net/en/graphds.html]
[visualgo.net/en/recursion.html]
[visualgo.net/en/matching.html]
[code.jquery.com/jquery-3.7.0.min.js]
[visualgo.net/en/dfsbfs/indexbf39.html]
[cdn.jsdelivr.net/npm/bootstrap@5.0.2/dist/js/bootstrap.bundle.min.js]
[visualgo.net/en/dfsbfs/indexaaed.html]
[unpkg.com/d3-force-boundary@0.0.1/dist/d3-force-boundary.min.js]
[visualgo.net/js/jquery-ui.min.js]
[visualgo.net/js/d3.min.js]
[visualgo.net/js/viz-1.0.10.js]
[visualgo.net/js/graph_library/constant.js]
[visualgo.net/js/graph_library/drawgraph.js]
[visualgo.net/js/graph_library/GraphEdgeWidget.js]
[visualgo.net/js/graph_library/GraphPolygonWidget.js]
[visualgo.net/js/graph_library/GraphVertexWidget.js]
[visualgo.net/js/graph_library/GraphWidget.js]
[visualgo.net/js/graph_library/helperObjects89db.js]
[visualgo.net/js/graph_library/misc.js]
[visualgo.net/js/graph_library/properties.js]
[visualgo.net/js/graph_library/Widget.js]
[visualgo.net/js/graph_library/force_directed_library.js]
[visualgo.net/en/url]
[visualgo.net/en/dfsbfs.html]
[visualgo.net/css/bootstrap.min.css]
[visualgo.net/fonts/silkscreen/slkscr-webfont.eot]
[visualgo.net/fonts/silkscreen/slkscr-webfontd41d.eot]
[visualgo.net/fonts/silkscreen/slkscr-webfont.woff]
[visualgo.net/fonts/silkscreen/slkscr-webfont.ttf]
[visualgo.net/fonts/silkscreen/stylesheet.css]
[visualgo.net/fonts/silkscreen/slkscr-webfont.svg]
[visualgo.net/css/ucVW2l9YCcVE52VxGq2zIw.woff2]
[visualgo.net/css/fTLR1wW5qq9Ui3F-pB4hXQ.woff2]
[visualgo.net/css/7nBxcqTeiPvFX1XVBk6VGw.woff2]
[visualgo.net/css/ATKpv8nLYAKUYexo8iqqrg.woff2]
[visualgo.net/css/kTYfCWJhlldPf5LnG4ZnHPk_vArhqVIZ0nv9q090hN8.woff2]
[visualgo.net/css/g46X4VH_KHOWAAa-HpnGPvk_vArhqVIZ0nv9q090hN8.woff2]
[visualgo.net/css/hpORcvLZtemlH8gI-1S-7vk_vArhqVIZ0nv9q090hN8.woff2]
[visualgo.net/css/0XxGQsSc1g4rdRdjJKZrNPk_vArhqVIZ0nv9q090hN8.woff2]
[visualgo.net/css/common-1.0.2.css]
[visualgo.net/css/viz-1.0.4.css]
[visualgo.net/css/visual.css]
[visualgo.net/css/drawgraph-1.0.2.css]
[visualgo.net/img/png/heap.png]
[visualgo.net/en/heapf3ec.html]
[visualgo.net/img/Airplane_1.png]
[visualgo.net/en/list.html]
[visualgo.net/en/bitmask.html]
[visualgo.net/en/heapec4c.html]
[visualgo.net/img/createheapanalysis.png]
[visualgo.net/en/mst.html]
[visualgo.net/en/heap.html]
[visualgo.net/en/sssp5a78.html]
[visualgo.net/img/png/bst.png]
[visualgo.net/en/bstb4ef.html]
[visualgo.net/en/hashtable7d9a.html]
[visualgo.net/en/hashtable7d66.html]
[visualgo.net/en/bst787b.html]
[visualgo.net/en/hashtable.html]
[visualgo.net/en/bste090.html]
[visualgo.net/en/sorting.html]
[visualgo.net/en/bstb2fa.html]
[visualgo.net/img/bst_min_avl1.png]
[visualgo.net/img/bst_min_avl2.png]
[visualgo.net/img/bst_min_avl3.png]
[visualgo.net/img/tree_rotation.png]
[visualgo.net/img/four_cases.png]
[visualgo.net/en/bst.html]
[visualgo.net/img/png/list.png]
[visualgo.net/en/list81f0.html]
[visualgo.net/en/listf308.html]
[visualgo.net/en/list058a.html]
[visualgo.net/en/list3a3f.html]
[visualgo.net/img/compactarray_illustration.png]
[visualgo.net/en/listec4c.html]
[visualgo.net/img/ll_illustration.png]
[visualgo.net/en/listf3ec.html]
[visualgo.net/en/listad01.html]
[visualgo.net/en/listd82e.html]
[visualgo.net/en/list1a24.html]
[visualgo.net/en/liste0b3.html]
[visualgo.net/en/list7ebc.html]
[visualgo.net/en/liste090.html]
[visualgo.net/en/list05ba.html]
[visualgo.net/en/list105d.html]
[visualgo.net/en/list78af.html]
[visualgo.net/en/list1438.html]
[visualgo.net/en/list3254.html]
[visualgo.net/img/stack_illustration.png]
[visualgo.net/en/list2c9d.html]
[visualgo.net/en/listde91.html]
[visualgo.net/img/queue_illustration.png]
[visualgo.net/en/list9578.html]
[visualgo.net/en/listc97b.html]
[visualgo.net/en/listc679.html]
[visualgo.net/img/png/sssp.png]
[visualgo.net/img/relax.png]
[visualgo.net/img/cycle.png]
[visualgo.net/en/sssp.html]
[visualgo.net/en/ssspf693.html]
[visualgo.net/img/png/graphds.png]
[visualgo.net/en/graphds209f.html]
[visualgo.net/en/graphds946e.html]
[visualgo.net/en/maxflow.html]
[visualgo.net/en/mvc.html]
[visualgo.net/en/steinertree.html]
[visualgo.net/en/tsp.html]
[visualgo.net/en/graphds.html]
[visualgo.net/en/graphds3a98.html]
[visualgo.net/en/dfsbfs/heap]
[visualgo.net/en/dfsbfs/bst]
[visualgo.net/en/dfsbfs/listc97b]
[visualgo.net/en/dfsbfs/sssp]
[visualgo.net/en/dfsbfs/graphds]
[visualgo.net/en/dfsbfs/recursion]
[visualgo.net/en/dfsbfs/dfsbfs/indexbf39.html]
[visualgo.net/en/dfsbfs/matching]
[visualgo.net/en/dfsbfs/url]
[visualgo.net/en/dfsbfs/indexbf39.html]
[visualgo.net/en/dfsbfs/indexaaed.html]
[visualgo.net/en/dfsbfs/dfsbfs/indexaaed.html]
[visualgo.net/img/png/recursion.png]
[visualgo.net/js/external/dagre.min.js]
[visualgo.net/en/sorting60ee.html]
[visualgo.net/en/sorting86af.html]
[visualgo.net/js/recursion_lib/misc.js]
[visualgo.net/js/recursion_lib/map.js]
[visualgo.net/en/recursion.html]
[visualgo.net/js/recursion_lib/showCodes.js]
[visualgo.net/img/png/matching.png]
[visualgo.net/en/matchingf88f.html]
[visualgo.net/en/matching9bee.html]
[visualgo.net/js/manifest.js]
[visualgo.net/js/vendor.js]
[visualgo.net/en/matching.html]
[visualgo.net/en/url.html]
[visualgo.net/fonts/silkscreen/slkscr-webfont.svg]
[visualgo.net/en/heapf3ec.html]
[visualgo.net/js/matching_algos.js]
[visualgo.net/en/list.html]
[visualgo.net/img/png/bitmask.png]
[visualgo.net/img/replay.png]
[visualgo.net/en/bitmask.html]
[visualgo.net/en/heapec4c.html]
[visualgo.net/img/png/mst.png]
[visualgo.net/en/ufds.html]
[visualgo.net/en/hashtableec4c.html]
[visualgo.net/en/mst.html]
[visualgo.net/en/sssp5a78.html]
[visualgo.net/en/bstb4ef.html]
[visualgo.net/img/png/hashtable.png]
[visualgo.net/en/hashtablee090.html]
[visualgo.net/en/hashtable0c37.html]
[visualgo.net/en/hashtable1438.html]
[visualgo.net/en/hashtable3254.html]
[visualgo.net/en/bst345d.html]
[visualgo.net/en/bst48df.html]
[visualgo.net/en/bste0b3.html]
[visualgo.net/en/list7d9a.html]
[visualgo.net/en/sorting3f6c.html]
[visualgo.net/en/hashtable8592.html]
[visualgo.net/en/hashtable787b.html]
[visualgo.net/en/hashtable7d9a.html]
[visualgo.net/en/hashtable7d66.html]
[visualgo.net/en/bst787b.html]
[visualgo.net/en/hashtable.html]
[visualgo.net/en/bste090.html]
[visualgo.net/en/hashtable3420.html]
[visualgo.net/img/png/sorting.png]
[visualgo.net/en/sorting3254.html]
[visualgo.net/en/sorting74cb.html]
[visualgo.net/en/sorting7d66.html]
[visualgo.net/en/sortingb2fa.html]
[visualgo.net/en/sorting9df2.html]
[visualgo.net/en/sortingf7c7.html]
[visualgo.net/en/sorting209f.html]
[visualgo.net/en/sorting3a98.html]
[visualgo.net/en/sortingcfa8.html]
[visualgo.net/img/big_O_notation.png]
[visualgo.net/img/growth_rates.png]
[visualgo.net/en/sorting341c.html]
[visualgo.net/img/insertion_sort.png]
[visualgo.net/en/sorting0845.html]
[visualgo.net/en/sorting0b8d.html]
[visualgo.net/en/sorting122b.html]
[visualgo.net/en/sorting2d3f.html]
[visualgo.net/img/merge.png]
[visualgo.net/en/sorting7987.html]
[visualgo.net/en/sorting95ab.html]
[visualgo.net/en/sortinge654.html]
[visualgo.net/en/sortingcbf1.html]
[visualgo.net/img/partition1.png]
[visualgo.net/img/partition2.png]
[visualgo.net/en/sorting6b97.html]
[visualgo.net/img/qsort_worstcase.png]
[visualgo.net/en/sorting7daf.html]
[visualgo.net/en/sorting7b9b.html]
[visualgo.net/en/sorting0c5b.html]
[visualgo.net/en/sorting6a27.html]
[visualgo.net/en/suffixarray.html]
[puu.sh/vfi6a/inserting+sort+example.png]
[visualgo.net/en/sorting.html]
[visualgo.net/en/bstb2fa.html]
[visualgo.net/en/list81f0.html]
[visualgo.net/en/listf308.html]
[visualgo.net/en/list058a.html]
[visualgo.net/en/list3a3f.html]
[visualgo.net/en/listec4c.html]
[visualgo.net/en/listf3ec.html]
[visualgo.net/en/listad01.html]
[visualgo.net/en/listd82e.html]
[visualgo.net/en/list1a24.html]
[visualgo.net/en/liste0b3.html]
[visualgo.net/en/list7ebc.html]
[visualgo.net/en/liste090.html]
[visualgo.net/en/list05ba.html]
[visualgo.net/en/list105d.html]
[visualgo.net/en/list78af.html]
[visualgo.net/en/list1438.html]
[visualgo.net/en/list3254.html]
[visualgo.net/en/list2c9d.html]
[visualgo.net/en/listde91.html]
[visualgo.net/en/list9578.html]
[visualgo.net/en/listc679.html]
[visualgo.net/en/ssspf693.html]
[visualgo.net/en/graphds209f.html]
[visualgo.net/en/graphds946e.html]
[visualgo.net/img/png/maxflow.png]
[visualgo.net/en/maxflow.html]
[visualgo.net/img/png/mvc.png]
[visualgo.net/en/mvc.html]
[visualgo.net/img/png/steinertree.png]
[visualgo.net/en/steinertree.html]
[visualgo.net/img/png/tsp.png]
[visualgo.net/en/tsp.html]
[visualgo.net/en/graphds3a98.html]
[visualgo.net/en/dfsbfs/heap.html]
[visualgo.net/en/dfsbfs/bst.html]
[visualgo.net/en/dfsbfs/listc97b.html]
[visualgo.net/en/dfsbfs/sssp.html]
[visualgo.net/en/dfsbfs/graphds.html]
[visualgo.net/en/dfsbfs/dfsbfs/indexbf39.html]
[visualgo.net/en/dfsbfs/dfsbfs/indexaaed.html]
[visualgo.net/en/dfsbfs/recursion.html]
[visualgo.net/en/dfsbfs/matching.html]
[visualgo.net/en/dfsbfs/url.html]
[visualgo.net/en/sorting60ee.html]
[visualgo.net/en/sorting86af.html]
[visualgo.net/en/matchingf88f.html]
[visualgo.net/en/matching9bee.html]
[visualgo.net/img/png/ufds.png]
[visualgo.net/en/ufds.html]
[visualgo.net/en/hashtableec4c.html]
[visualgo.net/en/hashtablee090.html]
[visualgo.net/en/hashtable0c37.html]
[visualgo.net/en/hashtable1438.html]
[visualgo.net/en/hashtable3254.html]
[visualgo.net/en/bst345d.html]
[visualgo.net/en/bst48df.html]
[visualgo.net/en/bste0b3.html]
[visualgo.net/en/list7d9a.html]
[visualgo.net/en/sorting3f6c.html]
[visualgo.net/en/hashtable8592.html]
[visualgo.net/en/hashtable787b.html]
[visualgo.net/en/hashtable3420.html]
[visualgo.net/en/sorting3254.html]
[visualgo.net/en/sorting74cb.html]
[visualgo.net/en/sorting7d66.html]
[visualgo.net/en/sortingb2fa.html]
[visualgo.net/en/sorting9df2.html]
[visualgo.net/en/sortingf7c7.html]
[visualgo.net/en/sorting209f.html]
[visualgo.net/en/sorting3a98.html]
[visualgo.net/en/sortingcfa8.html]
[visualgo.net/en/sorting341c.html]
[visualgo.net/en/sorting0845.html]
[visualgo.net/en/sorting0b8d.html]
[visualgo.net/en/sorting122b.html]
[visualgo.net/en/sorting2d3f.html]
[visualgo.net/en/sorting7987.html]
[visualgo.net/en/sorting95ab.html]
[visualgo.net/en/sortinge654.html]
[visualgo.net/en/sortingcbf1.html]
[visualgo.net/en/sorting6b97.html]
[visualgo.net/en/sorting7daf.html]
[visualgo.net/en/sorting7b9b.html]
[visualgo.net/en/sorting0c5b.html]
[visualgo.net/en/sorting6a27.html]
[visualgo.net/img/png/suffixarray.png]
[visualgo.net/en/suffixarray.html]
[pbs.twimg.com/profile_images/2618373647/image.jpg]
[visualgo.net/en/suffixtree.html]
[visualgo.net/img/png/suffixtree.png]
[visualgo.net/en/suffixtree.html]
